INFO    2018-06-07 17:14:04,114  SolutionTest  - 
TEST : TestScanBigDataSetMemoryOccupation
Query execution caused a occupation of : 0byte in main memory
TEST : TestScanBigDataSetPerformance
Query execution took 141 ms
INFO    2018-06-07 17:15:42,814  SolutionTest  - 
TEST : TestScanBigDataSetMemoryOccupation

TEST : TestScanBigDataSetPerformance

INFO    2018-06-07 17:42:54,002  SolutionTest  - 
TEST : TestScanBigDataSetMemoryOccupation

TEST : TestScanBigDataSetPerformance

INFO    2018-06-07 17:48:08,375  SolutionTest  - 
TEST : TestScanBigDataSetMemoryOccupation

TEST : TestScanBigDataSetPerformance

INFO    2018-06-07 17:57:43,087  SolutionTest  - 
TEST : TestScanBigDataSetMemoryOccupation

TEST : TestScanBigDataSetPerformance

INFO    2018-06-07 18:37:30,486  SolutionTest  - 
TEST : TestScanBigDataSetMemoryOccupation

TEST : TestScanBigDataSetPerformance

INFO    2018-06-07 18:54:46,214  SolutionTest  - 
TEST : TestScanBigDataSetMemoryOccupation

TEST : TestScanBigDataSetPerformance

INFO    2018-06-07 18:57:28,971  SolutionTest  - 
TEST : TestScanBigDataSetMemoryOccupation

TEST : TestScanBigDataSetPerformance

INFO    2018-06-07 18:57:59,147  SolutionTest  - 
TEST : TestScanBigDataSetMemoryOccupation

TEST : TestScanBigDataSetPerformance

INFO    2018-06-07 19:03:06,733  SolutionTest  - 
TEST : TestScanBigDataSetMemoryOccupation

TEST : TestScanBigDataSetPerformance

INFO    2018-06-07 19:08:41,115  SolutionTest  - 
TEST : TestScanBigDataSetMemoryOccupation

TEST : TestScanBigDataSetPerformance

INFO    2018-06-07 19:09:54,333  SolutionTest  - 
TEST : TestScanBigDataSetMemoryOccupation

TEST : TestScanBigDataSetPerformance

INFO    2018-06-07 19:16:05,564  SolutionTest  - 
TEST : TestScanBigDataSetMemoryOccupation

TEST : TestScanBigDataSetPerformance

INFO    2018-06-07 19:22:42,048  SolutionTest  - 
TEST : TestScanBigDataSetMemoryOccupation

TEST : TestScanBigDataSetPerformance

INFO    2018-06-08 08:39:46,432  SolutionTest  - 
TEST : TestScanBigDataSetMemoryOccupation

TEST : TestScanBigDataSetPerformance

INFO    2018-06-08 08:41:10,533  SolutionTest  - 
TEST : TestScanBigDataSetMemoryOccupation

TEST : TestScanBigDataSetPerformance

INFO    2018-06-08 09:10:52,415  SolutionTest  - 
TEST : TestScanBigDataSetMemoryOccupation

TEST : TestScanBigDataSetPerformance

INFO    2018-06-08 09:11:26,681  SolutionTest  - 
TEST : TestScanBigDataSetMemoryOccupation

TEST : TestScanBigDataSetPerformance

INFO    2018-06-08 09:20:46,615  SolutionTest  - 
TEST : TestScanBigDataSetMemoryOccupation

TEST : TestScanBigDataSetPerformance

INFO    2018-06-08 09:29:06,653  SolutionTest  - 
TEST : TestScanBigDataSetMemoryOccupation

TEST : TestScanBigDataSetPerformance

INFO    2018-06-08 09:30:01,127  SolutionTest  - 
TEST : TestScanBigDataSetMemoryOccupation

TEST : TestScanBigDataSetPerformance

INFO    2018-06-08 10:09:12,367  SolutionTest  - 
TEST : TestScanBigDataSetMemoryOccupation

TEST : TestScanBigDataSetPerformance

INFO    2018-06-08 10:17:18,948  SolutionTest  - 
TEST : TestScanBigDataSetMemoryOccupation

TEST : TestScanBigDataSetPerformance

INFO    2018-06-08 11:14:42,865  SolutionTest  - 
TEST : TestScanBigDataSetMemoryOccupation

TEST : TestScanBigDataSetPerformance

INFO    2018-06-08 11:18:08,039  SolutionTest  - 
TEST : TestScanBigDataSetMemoryOccupation

TEST : TestScanBigDataSetPerformance

INFO    2018-06-08 11:30:37,663  SolutionTest  - 
TEST : TestScanBigDataSetMemoryOccupation

TEST : TestScanBigDataSetPerformance

INFO    2018-06-08 11:36:19,449  SolutionTest  - 
TEST : TestScanBigDataSetMemoryOccupation

TEST : TestScanBigDataSetPerformance

